// Jest Snapshot v1, https://goo.gl/fbAQLP

exports[`retrieve-article-data tests should return the correct successful response 1`] = `
Object {
  "errorCode": 500,
  "errorMessage": "An internal server error ocurred while parsing the article",
  "success": false,
}
`;
